 IllegalWriteAv

 Timestamp is 5ef366aa (Wed Jun 24 10:43:54 2020)

 Preferred load address is 01000000

 Start         Length     Name                   Class
 0001:00000000 00000074H .idata$5                CODE
 0001:00000074 00000004H .CRT$XCA                CODE
 0001:00000078 00000004H .CRT$XCAA               CODE
 0001:0000007c 00000004H .CRT$XCZ                CODE
 0001:00000080 00000004H .CRT$XIA                CODE
 0001:00000084 00000004H .CRT$XIAA               CODE
 0001:00000088 00000004H .CRT$XIY                CODE
 0001:0000008c 00000004H .CRT$XIZ                CODE
 0001:00000090 00000088H .rdata                  CODE
 0001:00000118 0000007dH .rdata$debug            CODE
 0001:000001a0 00000004H .rdata$sxdata           CODE
 0001:000001b0 00000729H .text                   CODE
 0001:000008e0 0000005cH .xdata$x                CODE
 0001:0000093c 00000028H .idata$2                CODE
 0001:00000964 00000014H .idata$3                CODE
 0001:00000978 00000074H .idata$4                CODE
 0001:000009ec 00000210H .idata$6                CODE
 0001:00000bfc 00000000H .edata                  CODE
 0002:00000000 00000018H .data                   DATA
 0002:00000018 00000360H .bss                    DATA

  Address         Publics by Value              Rva+Base       Lib:Object

 0000:00000001       ___safe_se_handler_count   00000001     <absolute>
 0000:00000000       ___ImageBase               01000000     <linker-defined>
 0001:00000000       __imp__GetCurrentProcess@0 01001000     kernel32:KERNEL32.dll
 0001:00000004       __imp__TerminateProcess@8  01001004     kernel32:KERNEL32.dll
 0001:00000008       __imp__GetSystemTimeAsFileTime@4 01001008     kernel32:KERNEL32.dll
 0001:0000000c       __imp__GetCurrentProcessId@0 0100100c     kernel32:KERNEL32.dll
 0001:00000010       __imp__GetCurrentThreadId@0 01001010     kernel32:KERNEL32.dll
 0001:00000014       __imp__GetTickCount@0      01001014     kernel32:KERNEL32.dll
 0001:00000018       __imp__QueryPerformanceCounter@4 01001018     kernel32:KERNEL32.dll
 0001:0000001c       __imp__GetModuleHandleA@4  0100101c     kernel32:KERNEL32.dll
 0001:00000020       __imp__SetUnhandledExceptionFilter@4 01001020     kernel32:KERNEL32.dll
 0001:00000024       __imp__InterlockedCompareExchange@12 01001024     kernel32:KERNEL32.dll
 0001:00000028       __imp__Sleep@4             01001028     kernel32:KERNEL32.dll
 0001:0000002c       __imp__InterlockedExchange@8 0100102c     kernel32:KERNEL32.dll
 0001:00000030       __imp__UnhandledExceptionFilter@4 01001030     kernel32:KERNEL32.dll
 0001:00000034       \177KERNEL32_NULL_THUNK_DATA 01001034     kernel32:KERNEL32.dll
 0001:00000038       __imp___controlfp          01001038     msvcrt:msvcrt.dll
 0001:0000003c       __imp___except_handler4_common 0100103c     msvcrt:msvcrt.dll
 0001:00000040       __imp_?terminate@@YAXXZ    01001040     msvcrt:msvcrt.dll
 0001:00000044       __imp____set_app_type      01001044     msvcrt:msvcrt.dll
 0001:00000048       __imp____p__fmode          01001048     msvcrt:msvcrt.dll
 0001:0000004c       __imp____p__commode        0100104c     msvcrt:msvcrt.dll
 0001:00000050       __imp____setusermatherr    01001050     msvcrt:msvcrt.dll
 0001:00000054       __imp___amsg_exit          01001054     msvcrt:msvcrt.dll
 0001:00000058       __imp___initterm           01001058     msvcrt:msvcrt.dll
 0001:0000005c       __imp__exit                0100105c     msvcrt:msvcrt.dll
 0001:00000060       __imp___XcptFilter         01001060     msvcrt:msvcrt.dll
 0001:00000064       __imp___exit               01001064     msvcrt:msvcrt.dll
 0001:00000068       __imp___cexit              01001068     msvcrt:msvcrt.dll
 0001:0000006c       __imp____wgetmainargs      0100106c     msvcrt:msvcrt.dll
 0001:00000070       \177msvcrt_NULL_THUNK_DATA 01001070     msvcrt:msvcrt.dll
 0001:00000074       ___xc_a                    01001074     msvcrt:cinitexe.obj
 0001:0000007c       ___xc_z                    0100107c     msvcrt:cinitexe.obj
 0001:00000080       ___xi_a                    01001080     msvcrt:cinitexe.obj
 0001:0000008c       ___xi_z                    0100108c     msvcrt:cinitexe.obj
 0001:000000ac       ??_C@_1BI@JBHAIODP@?$AAH?$AAe?$AAl?$AAl?$AAo?$AA?5?$AAW?$AAo?$AAr?$AAl?$AAd?$AA?$AA@ 010010ac     main.obj
 0001:000000d0       __load_config_used         010010d0     msvcrt:loadcfg.obj
 0001:000001a0       ___safe_se_handler_table   010011a0     <linker-defined>
 0001:000001b5       _wmain                     010011b5 f   main.obj
 0001:000001c9       __initterm_e               010011c9 f i msvcrt:wcrtexe.obj
 0001:0000045d       _wmainCRTStartup           0100145d f   msvcrt:wcrtexe.obj
 0001:0000046c       ?__CxxUnhandledExceptionFilter@@YGJPAU_EXCEPTION_POINTERS@@@Z 0100146c f   msvcrt:unhandld.obj
 0001:000004b4       ___CxxSetUnhandledExceptionFilter 010014b4 f   msvcrt:unhandld.obj
 0001:000004c8       __XcptFilter               010014c8 f   msvcrt:msvcrt.dll
 0001:000004e0       __ValidateImageBase        010014e0 f   msvcrt:pesect.obj
 0001:00000520       __FindPESection            01001520 f   msvcrt:pesect.obj
 0001:00000569       __IsNonwritableInCurrentImage 01001569 f   msvcrt:pesect.obj
 0001:000005da       __initterm                 010015da f   msvcrt:msvcrt.dll
 0001:000005e6       __amsg_exit                010015e6 f   msvcrt:msvcrt.dll
 0001:000005f4       __SEH_prolog4              010015f4 f   msvcrt:sehprolg4.obj
 0001:00000639       __SEH_epilog4              01001639 f   msvcrt:sehprolg4.obj
 0001:00000652       __except_handler4          01001652 f   msvcrt:chandler4gs.obj
 0001:0000067c       __setdefaultprecision      0100167c f   msvcrt:fp8.obj
 0001:00000694       __wsetargv                 01001694 f   msvcrt:wdllargv.obj
 0001:00000694       __matherr                  01001694 f   msvcrt:merr.obj
 0001:0000069c       _RtlpImageNtHeader@4       0100169c f i msvcrt:apptype.obj
 0001:00000702       __get_image_app_type       01001702 f   msvcrt:apptype.obj
 0001:00000741       ___security_init_cookie    01001741 f   msvcrt:gs_support.obj
 0001:000007d7       @__security_check_cookie@4 010017d7 f   msvcrt:secchk.obj
 0001:000007ec       __except_handler4_common   010017ec f   msvcrt:msvcrt.dll
 0001:000007f7       ___report_gsfailure        010017f7 f   msvcrt:gs_report.obj
 0001:0000093c       __IMPORT_DESCRIPTOR_msvcrt 0100193c     msvcrt:msvcrt.dll
 0001:00000950       __IMPORT_DESCRIPTOR_KERNEL32 01001950     kernel32:KERNEL32.dll
 0001:00000964       __NULL_IMPORT_DESCRIPTOR   01001964     msvcrt:msvcrt.dll
 0002:00000000       ?g_pwszMessage@@3PAGA      01002000     main.obj
 0002:00000004       ___native_dllmain_reason   01002004     msvcrt:natstart.obj
 0002:00000008       ___native_vcclrit_reason   01002008     msvcrt:natstart.obj
 0002:0000000c       ___defaultmatherr          0100200c     msvcrt:merr.obj
 0002:00000010       ___security_cookie         01002010     msvcrt:gs_cookie.obj
 0002:00000014       ___security_cookie_complement 01002014     msvcrt:gs_cookie.obj
 0002:00000038       __dowildcard               01002038     msvcrt:wildcard.obj
 0002:0000003c       __newmode                  0100203c     msvcrt:_newmode.obj
 0002:00000040       __commode                  01002040     msvcrt:ncommode.obj
 0002:00000044       __fmode                    01002044     msvcrt:txtmode.obj
 0002:00000364       ___onexitend               01002364     <common>
 0002:00000368       ___onexitbegin             01002368     <common>
 0002:0000036c       ___native_startup_state    0100236c     <common>
 0002:00000370       ___native_startup_lock     01002370     <common>
 0002:00000374       ___dyn_tls_init_callback   01002374     <common>

 entry point at        0001:0000045d

 Static symbols

 0001:000001f2       _pre_cpp_init              010011f2 f   msvcrt:wcrtexe.obj
 0001:0000022a       ___wmainCRTStartup         0100122a f   msvcrt:wcrtexe.obj
 0001:00000398       _pre_c_init                01001398 f   msvcrt:wcrtexe.obj
